ARM Linker, 5.03 [Build 76] [MDK-ARM Standard]

==============================================================================

Section Cross References

    main.o(.text) refers to system_stm32f10x.o(.text) for SystemInit
    main.o(.text) refers to delay.o(.text) for delay_init
    main.o(.text) refers to sys.o(.text) for NVIC_Configuration
    main.o(.text) refers to usart.o(.text) for uart_init
    main.o(.text) refers to led.o(.text) for LED_Init
    main.o(.text) refers to key.o(.text) for KEY_Init
    main.o(.text) refers to mpu6050.o(.text) for MPU6050_Init
    main.o(.text) refers to hmc5883l.o(.text) for HMC5883L_Init
    main.o(.text) refers to ms5611.o(.text) for MS561101BA_Init
    main.o(.text) refers to spi.o(.text) for Spi1_Init
    main.o(.text) refers to nrf24l01.o(.text) for Nrf24l01_Init
    main.o(.text) refers to stm32f10x_flash.o(.text) for FLASH_Unlock
    main.o(.text) refers to flash.o(.text) for EE_INIT
    main.o(.text) refers to tim_pwm_in.o(.text) for Tim_Pwm_In_Init
    main.o(.text) refers to moto.o(.text) for Moto_Init
    main.o(.text) refers to timer.o(.text) for Timerx_Init
    main.o(.text) refers to filter.o(.text) for LPF2pSetCutoffFreq
    main.o(.text) refers to global.o(.bss) for Rc_D
    main.o(.text) refers to global.o(.data) for BaroAlt
    stm32f10x_it.o(.text) refers to tim_pwm_in.o(.text) for Tim4_Pwm_In_Irq
    stm32f10x_it.o(.text) refers to stm32f10x_usart.o(.text) for USART_GetITStatus
    stm32f10x_it.o(.text) refers to stm32f10x_tim.o(.text) for TIM_GetITStatus
    stm32f10x_it.o(.text) refers to mpu6050.o(.text) for MPU6050_Read
    stm32f10x_it.o(.text) refers to filter.o(.text) for Acc_Butterworth_Filter
    stm32f10x_it.o(.text) refers to hmc5883l.o(.text) for HMC5883L_Read
    stm32f10x_it.o(.text) refers to imu.o(.text) for Unit_Unify
    stm32f10x_it.o(.text) refers to data_transfer.o(.text) for Nrf_Check_Event
    stm32f10x_it.o(.text) refers to altitude.o(.text) for Altitude_Calculation
    stm32f10x_it.o(.text) refers to pid.o(.text) for Angel_Control
    stm32f10x_it.o(.text) refers to stm32f10x_it.o(.bss) for GPS_RX_BUF
    stm32f10x_it.o(.text) refers to stm32f10x_it.o(.data) for i
    stm32f10x_it.o(.text) refers to global.o(.bss) for mpu6050
    stm32f10x_it.o(.text) refers to global.o(.data) for hmc5883l
    startup_stm32f10x_hd.o(RESET) refers to startup_stm32f10x_hd.o(STACK) for __initial_sp
    startup_stm32f10x_hd.o(RESET) refers to startup_stm32f10x_hd.o(.text) for Reset_Handler
    startup_stm32f10x_hd.o(RESET) refers to stm32f10x_it.o(.text) for NMI_Handler
    startup_stm32f10x_hd.o(.text) refers to system_stm32f10x.o(.text) for SystemInit
    startup_stm32f10x_hd.o(.text) refers to entry.o(.ARM.Collect$$$$00000000) for __main
    system_stm32f10x.o(.text) refers to system_stm32f10x.o(.data) for SystemCoreClock
    stm32f10x_adc.o(.text) refers to stm32f10x_rcc.o(.text) for RCC_APB2PeriphResetCmd
    stm32f10x_gpio.o(.text) refers to stm32f10x_rcc.o(.text) for RCC_APB2PeriphResetCmd
    stm32f10x_i2c.o(.text) refers to stm32f10x_rcc.o(.text) for RCC_APB1PeriphResetCmd
    stm32f10x_rcc.o(.text) refers to stm32f10x_rcc.o(.data) for APBAHBPrescTable
    stm32f10x_spi.o(.text) refers to stm32f10x_rcc.o(.text) for RCC_APB2PeriphResetCmd
    stm32f10x_tim.o(.text) refers to stm32f10x_rcc.o(.text) for RCC_APB2PeriphResetCmd
    stm32f10x_usart.o(.text) refers to stm32f10x_rcc.o(.text) for RCC_APB2PeriphResetCmd
    stm32f10x_wwdg.o(.text) refers to stm32f10x_rcc.o(.text) for RCC_APB1PeriphResetCmd
    adc.o(.text) refers to stm32f10x_rcc.o(.text) for RCC_APB2PeriphClockCmd
    adc.o(.text) refers to stm32f10x_gpio.o(.text) for GPIO_Init
    adc.o(.text) refers to stm32f10x_adc.o(.text) for ADC_DeInit
    delay.o(.text) refers to misc.o(.text) for SysTick_CLKSourceConfig
    delay.o(.text) refers to system_stm32f10x.o(.data) for SystemCoreClock
    delay.o(.text) refers to delay.o(.data) for fac_us
    eeprom.o(.text) refers to stm32f10x_flash.o(.text) for FLASH_ErasePage
    eeprom.o(.text) refers to eeprom.o(.data) for CurWrAddress
    eeprom.o(.text) refers to flash.o(.data) for VirtAddVarTab
    flash.o(.text) refers to eeprom.o(.text) for EE_Init
    flash.o(.text) refers to fmul.o(.text) for __aeabi_fmul
    flash.o(.text) refers to ffixui.o(.text) for __aeabi_f2uiz
    flash.o(.text) refers to ffltui.o(.text) for __aeabi_ui2f
    flash.o(.text) refers to fdiv.o(.text) for __aeabi_fdiv
    flash.o(.text) refers to global.o(.bss) for MPU6050_OFFSER
    flash.o(.text) refers to flash.o(.data) for VirtAddVarTab
    flash.o(.text) refers to global.o(.data) for hmc_offset
    hmc5883l.o(.text) refers to mpu6050.o(.text) for I2C_Start
    hmc5883l.o(.text) refers to fflti.o(.text) for __aeabi_i2f
    hmc5883l.o(.text) refers to fdiv.o(.text) for __aeabi_fdiv
    hmc5883l.o(.text) refers to flash.o(.text) for EE_SAVE_CMP_OFFSET
[...]
    cnt_arm                                  0x20000290   Data           2  imu.o(.data)
    i                                        0x20000292   Data           2  imu.o(.data)
    .data                                    0x20000294   Section        8  pid.o(.data)
    yaw_int                                  0x20000294   Data           4  pid.o(.data)
    yaw_pre_error                            0x20000298   Data           4  pid.o(.data)
    .data                                    0x2000029c   Section      172  altitude.o(.data)
    Altitude_Estimated                       0x200002d0   Data           4  altitude.o(.data)
    Altitude_delt_error                      0x200002d4   Data           4  altitude.o(.data)
    Altitude_pre_error                       0x200002d8   Data           4  altitude.o(.data)
    acc_z                                    0x200002dc   Data           4  altitude.o(.data)
    hz                                       0x200002e0   Data           4  altitude.o(.data)
    Altitude_pre_error                       0x200002e4   Data           4  altitude.o(.data)
    Altitude_delt_error                      0x200002e8   Data           4  altitude.o(.data)
    hz                                       0x200002ec   Data           4  altitude.o(.data)
    Altitude_pre_error                       0x200002f0   Data           4  altitude.o(.data)
    Altitude_delt_error                      0x200002f4   Data           4  altitude.o(.data)
    BaseTHR                                  0x200002f8   Data           2  altitude.o(.data)
    Altitude_Ref                             0x200002fc   Data           4  altitude.o(.data)
    Altitude_I                               0x20000300   Data           4  altitude.o(.data)
    AltRate_I                                0x20000304   Data           4  altitude.o(.data)
    pre_error_AltRate                        0x20000308   Data           4  altitude.o(.data)
    BaseTHR_FLAG                             0x2000030c   Data           1  altitude.o(.data)
    input                                    0x20000310   Data           8  altitude.o(.data)
    output                                   0x20000318   Data           8  altitude.o(.data)
    .data                                    0x20000348   Section        4  errno.o(.data)
    _errno                                   0x20000348   Data           4  errno.o(.data)
    .bss                                     0x2000034c   Section      200  stm32f10x_it.o(.bss)
    .bss                                     0x20000414   Section      512  global.o(.bss)
    .bss                                     0x20000614   Section       14  mpu6050.o(.bss)
    mpu6050_buffer                           0x20000614   Data          14  mpu6050.o(.bss)
    .bss                                     0x20000622   Section       14  ms5611.o(.bss)
    .bss                                     0x20000630   Section       64  nrf24l01.o(.bss)
    .bss                                     0x20000670   Section      144  filter.o(.bss)
    ACC_X_BUF                                0x20000670   Data          40  filter.o(.bss)
    ACC_Y_BUF                                0x20000698   Data          40  filter.o(.bss)
    ACC_Z_BUF                                0x200006c0   Data          40  filter.o(.bss)
    b_acc                                    0x200006e8   Data          12  filter.o(.bss)
    a_acc                                    0x200006f4   Data          12  filter.o(.bss)
    .bss                                     0x20000700   Section      152  imu.o(.bss)
    head_temp                                0x20000700   Data          40  imu.o(.bss)
    .bss                                     0x20000798   Section      324  pid.o(.bss)
    pid_roll                                 0x20000798   Data         108  pid.o(.bss)
    pid_pitch                                0x20000804   Data         108  pid.o(.bss)
    pid_yaw                                  0x20000870   Data         108  pid.o(.bss)
    .bss                                     0x200008dc   Section       32  altitude.o(.bss)
    STACK                                    0x20000900   Section     1024  startup_stm32f10x_hd.o(STACK)

    Global Symbols

    Symbol Name                              Value     Ov Type        Size  Object(Section)

    BuildAttributes$$THM_ISAv4$P$D$K$B$S$PE$A:L22UL41UL21$X:L11$S22US41US21$IEEE1$IW$USESV6$~STKCKD$USESV7$~SHL$OTIME$ROPI$IEEEX$EBA8$MICROLIB$REQ8$PRES8$EABIv2 0x00000000   Number         0  anon$$obj.o ABSOLUTE
    __ARM_use_no_argv                        0x00000000   Number         0  main.o ABSOLUTE
    __use_no_errno                           0x00000000   Number         0  useno.o ABSOLUTE
    __use_no_exception_handling              0x00000000   Number         0  useno.o ABSOLUTE
    __use_no_fp                              0x00000000   Number         0  useno.o ABSOLUTE
    __use_no_heap                            0x00000000   Number         0  useno.o ABSOLUTE
    __use_no_heap_region                     0x00000000   Number         0  useno.o ABSOLUTE
    __use_no_semihosting                     0x00000000   Number         0  useno.o ABSOLUTE
    __use_no_semihosting_swi                 0x00000000   Number         0  useno.o ABSOLUTE
    __use_no_signal_handling                 0x00000000   Number         0  useno.o ABSOLUTE
    _printf_a                                0x00000000   Number         0  stubs.o ABSOLUTE
    _printf_c                                0x00000000   Number         0  stubs.o ABSOLUTE
    _printf_charcount                        0x00000000   Number         0  stubs.o ABSOLUTE
    _printf_d                                0x00000000   Number         0  stubs.o ABSOLUTE
    _printf_e                                0x00000000   Number         0  stubs.o ABSOLUTE
    _printf_f                                0x00000000   Number         0  stubs.o ABSOLUTE
    _printf_flags                            0x00000000   Number         0  stubs.o ABSOLUTE
    _printf_fp_dec                           0x00000000   Number         0  stubs.o ABSOLUTE
    _printf_fp_hex                           0x00000000   Number         0  stubs.o ABSOLUTE
    _printf_g                                0x00000000   Number         0  stubs.o ABSOLUTE
    _printf_i                                0x00000000   Number         0  stubs.o ABSOLUTE
    _printf_int_dec                          0x00000000   Number         0  stubs.o ABSOLUTE
    _printf_l                                0x00000000   Number         0  stubs.o ABSOLUTE
    _printf_lc                               0x00000000   Number         0  stubs.o ABSOLUTE
    _printf_ll                               0x00000000   Number         0  stubs.o ABSOLUTE
    _printf_lld                              0x00000000   Number         0  stubs.o ABSOLUTE
    _printf_lli                              0x00000000   Number         0  stubs.o ABSOLUTE
    _printf_llo                              0x00000000   Number         0  stubs.o ABSOLUTE
    _printf_llu                              0x00000000   Number         0  stubs.o ABSOLUTE
    _printf_llx                              0x00000000   Number         0  stubs.o ABSOLUTE
    _printf_longlong_dec                     0x00000000   Number         0  stubs.o ABSOLUTE
    _printf_longlong_hex                     0x00000000   Number         0  stubs.o ABSOLUTE
    _printf_longlong_oct                     0x00000000   Number         0  stubs.o ABSOLUTE
    _printf_ls                               0x00000000   Number         0  stubs.o ABSOLUTE
    _printf_mbtowc                           0x00000000   Number         0  stubs.o ABSOLUTE
    _printf_n                                0x00000000   Number         0  stubs.o ABSOLUTE
    _printf_o                                0x00000000   Number         0  stubs.o ABSOLUTE
    _printf_p                                0x00000000   Number         0  stubs.o ABSOLUTE
    _printf_percent                          0x00000000   Number         0  stubs.o ABSOLUTE
    _printf_pre_padding                      0x00000000   Number         0  stubs.o ABSOLUTE
    _printf_return_value                     0x00000000   Number         0  stubs.o ABSOLUTE
    _printf_s                                0x00000000   Number         0  stubs.o ABSOLUTE
    _printf_sizespec                         0x00000000   Number         0  stubs.o ABSOLUTE
    _printf_str                              0x00000000   Number         0  stubs.o ABSOLUTE
    _printf_truncate_signed                  0x00000000   Number         0  stubs.o ABSOLUTE
    _printf_truncate_unsigned                0x00000000   Number         0  stubs.o ABSOLUTE
    _printf_u                                0x00000000   Number         0  stubs.o ABSOLUTE
    _printf_wc                               0x00000000   Number         0  stubs.o ABSOLUTE
    _printf_wctomb                           0x00000000   Number         0  stubs.o ABSOLUTE
    _printf_widthprec                        0x00000000   Number         0  stubs.o ABSOLUTE
    _printf_x                                0x00000000   Number         0  stubs.o ABSOLUTE
    __cpp_initialize__aeabi_                  - Undefined Weak Reference
    __cxa_finalize                            - Undefined Weak Reference
    _clock_init                               - Undefined Weak Reference
    _microlib_exit                            - Undefined Weak Reference
    __Vectors_Size                           0x00000130   Number         0  startup_stm32f10x_hd.o ABSOLUTE
    __Vectors                                0x08000000   Data           4  startup_stm32f10x_hd.o(RESET)
    __Vectors_End                            0x08000130   Data           0  startup_stm32f10x_hd.o(RESET)
    __main                                   0x08000131   Thumb Code     0  entry.o(.ARM.Collect$$$$00000000)
    _main_stk                                0x08000131   Thumb Code     0  entry2.o(.ARM.Collect$$$$00000001)
    _main_scatterload                        0x08000135   Thumb Code     0  entry5.o(.ARM.Collect$$$$00000004)
    __main_after_scatterload                 0x08000139   Thumb Code     0  entry5.o(.ARM.Collect$$$$00000004)
    _main_clock                              0x08000139   Thumb Code     0  entry7b.o(.ARM.Collect$$$$00000008)
    _main_cpp_init                           0x08000139   Thumb Code     0  entry8b.o(.ARM.Collect$$$$0000000A)
    _main_init                               0x08000139   Thumb Code     0  entry9a.o(.ARM.Collect$$$$0000000B)
    __rt_final_cpp                           0x08000141   Thumb Code     0  entry10a.o(.ARM.Collect$$$$0000000D)
    __rt_final_exit                          0x08000141   Thumb Code     0  entry11a.o(.ARM.Collect$$$$0000000F)
    main                                     0x08000145   Thumb Code   172  main.o(.text)
    NMI_Handler                              0x08000201   Thumb Code     2  stm32f10x_it.o(.text)
    HardFault_Handler                        0x08000203   Thumb Code     4  stm32f10x_it.o(.text)
    MemManage_Handler                        0x08000207   Thumb Code     4  stm32f10x_it.o(.text)
    BusFault_Handler                         0x0800020b   Thumb Code     4  stm32f10x_it.o(.text)
    UsageFault_Handler                       0x0800020f   Thumb Code     4  stm32f10x_it.o(.text)
    SVC_Handler                              0x08000213   Thumb Code     2  stm32f10x_it.o(.text)
    DebugMon_Handler                         0x08000215   Thumb Code     2  stm32f10x_it.o(.text)
    PendSV_Handler                           0x08000217   Thumb Code     2  stm32f10x_it.o(.text)
    SysTick_Handler                          0x08000219   Thumb Code     2  stm32f10x_it.o(.text)
    TIM4_IRQHandler                          0x0800021b   Thumb Code     8  stm32f10x_it.o(.text)
    TIM2_IRQHandler                          0x08000223   Thumb Code     8  stm32f10x_it.o(.text)
    USART1_IRQHandler                        0x0800022b   Thumb Code    68  stm32f10x_it.o(.text)
    TIM3_IRQHandler                          0x0800026f   Thumb Code   412  stm32f10x_it.o(.text)
    Reset_Handler                            0x08000481   Thumb Code     8  startup_stm32f10x_hd.o(.text)
    ADC1_2_IRQHandler                        0x0800049b   Thumb Code     0  startup_stm32f10x_hd.o(.text)
    ADC3_IRQHandler                          0x0800049b   Thumb Code     0  startup_stm32f10x_hd.o(.text)
    CAN1_RX1_IRQHandler                      0x0800049b   Thumb Code     0  startup_stm32f10x_hd.o(.text)
    CAN1_SCE_IRQHandler                      0x0800049b   Thumb Code     0  startup_stm32f10x_hd.o(.text)
    DMA1_Channel1_IRQHandler                 0x0800049b   Thumb Code     0  startup_stm32f10x_hd.o(.text)
    DMA1_Channel2_IRQHandler                 0x0800049b   Thumb Code     0  startup_stm32f10x_hd.o(.text)
    DMA1_Channel3_IRQHandler                 0x0800049b   Thumb Code     0  startup_stm32f10x_hd.o(.text)
    DMA1_Channel4_IRQHandler                 0x0800049b   Thumb Code     0  startup_stm32f10x_hd.o(.text)
    DMA1_Channel5_IRQHandler                 0x0800049b   Thumb Code     0  startup_stm32f10x_hd.o(.text)
    DMA1_Channel6_IRQHandler                 0x0800049b   Thumb Code     0  startup_stm32f10x_hd.o(.text)
    DMA1_Channel7_IRQHandler                 0x0800049b   Thumb Code     0  startup_stm32f10x_hd.o(.text)
    DMA2_Channel1_IRQHandler                 0x0800049b   Thumb Code     0  startup_stm32f10x_hd.o(.text)
    DMA2_Channel2_IRQHandler                 0x0800049b   Thumb Code     0  startup_stm32f10x_hd.o(.text)
    DMA2_Channel3_IRQHandler                 0x0800049b   Thumb Code     0  startup_stm32f10x_hd.o(.text)
    DMA2_Channel4_5_IRQHandler               0x0800049b   Thumb Code     0  startup_stm32f10x_hd.o(.text)
    EXTI0_IRQHandler                         0x0800049b   Thumb Code     0  startup_stm32f10x_hd.o(.text)
    EXTI15_10_IRQHandler                     0x0800049b   Thumb Code     0  startup_stm32f10x_hd.o(.text)
    EXTI1_IRQHandler                         0x0800049b   Thumb Code     0  startup_stm32f10x_hd.o(.text)
    EXTI2_IRQHandler                         0x0800049b   Thumb Code     0  startup_stm32f10x_hd.o(.text)
    EXTI3_IRQHandler                         0x0800049b   Thumb Code     0  startup_stm32f10x_hd.o(.text)
    EXTI4_IRQHandler                         0x0800049b   Thumb Code     0  startup_stm32f10x_hd.o(.text)
    EXTI9_5_IRQHandler                       0x0800049b   Thumb Code     0  startup_stm32f10x_hd.o(.text)
    FLASH_IRQHandler                         0x0800049b   Thumb Code     0  startup_stm32f10x_hd.o(.text)
    FSMC_IRQHandler                          0x0800049b   Thumb Code     0  startup_stm32f10x_hd.o(.text)
    I2C1_ER_IRQHandler                       0x0800049b   Thumb Code     0  startup_stm32f10x_hd.o(.text)
    I2C1_EV_IRQHandler                       0x0800049b   Thumb Code     0  startup_stm32f10x_hd.o(.text)
    I2C2_ER_IRQHandler                       0x0800049b   Thumb Code     0  startup_stm32f10x_hd.o(.text)
    I2C2_EV_IRQHandler                       0x0800049b   Thumb Code     0  startup_stm32f10x_hd.o(.text)
    PVD_IRQHandler                           0x0800049b   Thumb Code     0  startup_stm32f10x_hd.o(.text)
    RCC_IRQHandler                           0x0800049b   Thumb Code     0  startup_stm32f10x_hd.o(.text)
    RTCAlarm_IRQHandler                      0x0800049b   Thumb Code     0  startup_stm32f10x_hd.o(.text)
    RTC_IRQHandler                           0x0800049b   Thumb Code     0  startup_stm32f10x_hd.o(.text)
    SDIO_IRQHandler                          0x0800049b   Thumb Code     0  startup_stm32f10x_hd.o(.text)
    SPI1_IRQHandler                          0x0800049b   Thumb Code     0  startup_stm32f10x_hd.o(.text)
    SPI2_IRQHandler                          0x0800049b   Thumb Code     0  startup_stm32f10x_hd.o(.text)
    SPI3_IRQHandler                          0x0800049b   Thumb Code     0  startup_stm32f10x_hd.o(.text)
    TAMPER_IRQHandler                        0x0800049b   Thumb Code     0  startup_stm32f10x_hd.o(.text)
    TIM1_BRK_IRQHandler                      0x0800049b   Thumb Code     0  startup_stm32f10x_hd.o(.text)
    TIM1_CC_IRQHandler                       0x0800049b   Thumb Code     0  startup_stm32f10x_hd.o(.text)
    TIM1_TRG_COM_IRQHandler                  0x0800049b   Thumb Code     0  startup_stm32f10x_hd.o(.text)
    TIM1_UP_IRQHandler                       0x0800049b   Thumb Code     0  startup_stm32f10x_hd.o(.text)
    TIM5_IRQHandler                          0x0800049b   Thumb Code     0  startup_stm32f10x_hd.o(.text)
    TIM6_IRQHandler                          0x0800049b   Thumb Code     0  startup_stm32f10x_hd.o(.text)
    TIM7_IRQHandler                          0x0800049b   Thumb Code     0  startup_stm32f10x_hd.o(.text)
    TIM8_BRK_IRQHandler                      0x0800049b   Thumb Code     0  startup_stm32f10x_hd.o(.text)
    TIM8_CC_IRQHandler                       0x0800049b   Thumb Code     0  startup_stm32f10x_hd.o(.text)
    TIM8_TRG_COM_IRQHandler                  0x0800049b   Thumb Code     0  startup_stm32f10x_hd.o(.text)
    TIM8_UP_IRQHandler                       0x0800049b   Thumb Code     0  startup_stm32f10x_hd.o(.text)
    UART4_IRQHandler                         0x0800049b   Thumb Code     0  startup_stm32f10x_hd.o(.text)
    UART5_IRQHandler                         0x0800049b   Thumb Code     0  startup_stm32f10x_hd.o(.text)
    USART2_IRQHandler                        0x0800049b   Thumb Code     0  startup_stm32f10x_hd.o(.text)
    USART3_IRQHandler                        0x0800049b   Thumb Code     0  startup_stm32f10x_hd.o(.text)
    USBWakeUp_IRQHandler                     0x0800049b   Thumb Code     0  startup_stm32f10x_hd.o(.text)
    USB_HP_CAN1_TX_IRQHandler                0x0800049b   Thumb Code     0  startup_stm32f10x_hd.o(.text)
    USB_LP_CAN1_RX0_IRQHandler               0x0800049b   Thumb Code     0  startup_stm32f10x_hd.o(.text)
    WWDG_IRQHandler                          0x0800049b   Thumb Code     0  startup_stm32f10x_hd.o(.text)
    SystemInit                               0x08000581   Thumb Code    78  system_stm32f10x.o(.text)
    SystemCoreClockUpdate                    0x080005cf   Thumb Code   142  system_stm32f10x.o(.text)
    NVIC_PriorityGroupConfig                 0x08000681   Thumb Code    10  misc.o(.text)
    NVIC_Init                                0x0800068b   Thumb Code   102  misc.o(.text)
    NVIC_SetVectorTable                      0x080006f1   Thumb Code    14  misc.o(.text)
    NVIC_SystemLPConfig                      0x080006ff   Thumb Code    34  misc.o(.text)
    SysTick_CLKSourceConfig                  0x08000721   Thumb Code    40  misc.o(.text)
    FLASH_SetLatency                         0x0800075d   Thumb Code    18  stm32f10x_flash.o(.text)
    FLASH_HalfCycleAccessCmd                 0x0800076f   Thumb Code    22  stm32f10x_flash.o(.text)
    FLASH_PrefetchBufferCmd                  0x08000785   Thumb Code    22  stm32f10x_flash.o(.text)
    FLASH_Unlock                             0x0800079b   Thumb Code    12  stm32f10x_flash.o(.text)
    FLASH_UnlockBank1                        0x080007a7   Thumb Code    12  stm32f10x_flash.o(.text)
    FLASH_Lock                               0x080007b3   Thumb Code    14  stm32f10x_flash.o(.text)
    FLASH_LockBank1                          0x080007c1   Thumb Code    14  stm32f10x_flash.o(.text)
    FLASH_GetBank1Status                     0x080007cf   Thumb Code    48  stm32f10x_flash.o(.text)
    FLASH_WaitForLastOperation               0x080007ff   Thumb Code    38  stm32f10x_flash.o(.text)
    FLASH_ErasePage                          0x08000825   Thumb Code    72  stm32f10x_flash.o(.text)
    FLASH_EraseAllPages                      0x0800086d   Thumb Code    68  stm32f10x_flash.o(.text)
    FLASH_WaitForLastBank1Operation          0x080008b1   Thumb Code    38  stm32f10x_flash.o(.text)
    FLASH_EraseAllBank1Pages                 0x080008d7   Thumb Code    68  stm32f10x_flash.o(.text)
    FLASH_GetReadOutProtectionStatus         0x0800091b   Thumb Code    20  stm32f10x_flash.o(.text)
    FLASH_EraseOptionBytes                   0x0800092f   Thumb Code   150  stm32f10x_flash.o(.text)
    FLASH_ProgramWord                        0x080009c5   Thumb Code   102  stm32f10x_flash.o(.text)
    FLASH_ProgramHalfWord                    0x08000a2b   Thumb Code    60  stm32f10x_flash.o(.text)
    FLASH_ProgramOptionByteData              0x08000a67   Thumb Code    72  stm32f10x_flash.o(.text)
    FLASH_EnableWriteProtection              0x08000aaf   Thumb Code   200  stm32f10x_flash.o(.text)
    FLASH_ReadOutProtection                  0x08000b77   Thumb Code   156  stm32f10x_flash.o(.text)
    FLASH_UserOptionByteConfig               0x08000c13   Thumb Code    88  stm32f10x_flash.o(.text)
    FLASH_GetUserOptionByte                  0x08000c6b   Thumb Code     8  stm32f10x_flash.o(.text)
    FLASH_GetWriteProtectionOptionByte       0x08000c73   Thumb Code     6  stm32f10x_flash.o(.text)
    FLASH_GetPrefetchBufferStatus            0x08000c79   Thumb Code    20  stm32f10x_flash.o(.text)
    FLASH_ITConfig                           0x08000c8d   Thumb Code    26  stm32f10x_flash.o(.text)
    FLASH_GetFlagStatus                      0x08000ca7   Thumb Code    42  stm32f10x_flash.o(.text)
    FLASH_ClearFlag                          0x08000cd1   Thumb Code     6  stm32f10x_flash.o(.text)
    FLASH_GetStatus                          0x08000cd7   Thumb Code    48  stm32f10x_flash.o(.text)
    GPIO_DeInit                              0x08000d19   Thumb Code   172  stm32f10x_gpio.o(.text)
    GPIO_AFIODeInit                          0x08000dc5   Thumb Code    20  stm32f10x_gpio.o(.text)
    GPIO_Init                                0x08000dd9   Thumb Code   274  stm32f10x_gpio.o(.text)
    GPIO_StructInit                          0x08000eeb   Thumb Code    16  stm32f10x_gpio.o(.text)
    GPIO_ReadInputDataBit                    0x08000efb   Thumb Code    18  stm32f10x_gpio.o(.text)
    GPIO_ReadInputData                       0x08000f0d   Thumb Code     8  stm32f10x_gpio.o(.text)
    GPIO_ReadOutputDataBit                   0x08000f15   Thumb Code    18  stm32f10x_gpio.o(.text)
    GPIO_ReadOutputData                      0x08000f27   Thumb Code     8  stm32f10x_gpio.o(.text)
    GPIO_SetBits                             0x08000f2f   Thumb Code     4  stm32f10x_gpio.o(.text)
    GPIO_ResetBits                           0x08000f33   Thumb Code     4  stm32f10x_gpio.o(.text)
    GPIO_WriteBit                            0x08000f37   Thumb Code    10  stm32f10x_gpio.o(.text)
    GPIO_Write                               0x08000f41   Thumb Code     4  stm32f10x_gpio.o(.text)
    GPIO_PinLockConfig                       0x08000f45   Thumb Code    18  stm32f10x_gpio.o(.text)
    GPIO_EventOutputConfig                   0x08000f57   Thumb Code    26  stm32f10x_gpio.o(.text)
    GPIO_EventOutputCmd                      0x08000f71   Thumb Code     6  stm32f10x_gpio.o(.text)
    GPIO_PinRemapConfig                      0x08000f77   Thumb Code   138  stm32f10x_gpio.o(.text)
    GPIO_EXTILineConfig                      0x08001001   Thumb Code    66  stm32f10x_gpio.o(.text)
    GPIO_ETH_MediaInterfaceConfig            0x08001043   Thumb Code     6  stm32f10x_gpio.o(.text)
    RCC_DeInit                               0x08001071   Thumb Code    64  stm32f10x_rcc.o(.text)
    RCC_HSEConfig                            0x080010b1   Thumb Code    70  stm32f10x_rcc.o(.text)
    RCC_GetFlagStatus                        0x080010f7   Thumb Code    56  stm32f10x_rcc.o(.text)
    RCC_WaitForHSEStartUp                    0x0800112f   Thumb Code    56  stm32f10x_rcc.o(.text)
    RCC_AdjustHSICalibrationValue            0x08001167   Thumb Code    20  stm32f10x_rcc.o(.text)
    RCC_HSICmd                               0x0800117b   Thumb Code     6  stm32f10x_rcc.o(.text)
    RCC_PLLConfig                            0x08001181   Thumb Code    24  stm32f10x_rcc.o(.text)
    RCC_PLLCmd                               0x08001199   Thumb Code     6  stm32f10x_rcc.o(.text)
    RCC_SYSCLKConfig                         0x0800119f   Thumb Code    18  stm32f10x_rcc.o(.text)
    RCC_GetSYSCLKSource                      0x080011b1   Thumb Code    10  stm32f10x_rcc.o(.text)
    RCC_HCLKConfig                           0x080011bb   Thumb Code    18  stm32f10x_rcc.o(.text)
    RCC_PCLK1Config                          0x080011cd   Thumb Code    18  stm32f10x_rcc.o(.text)
    RCC_PCLK2Config                          0x080011df   Thumb Code    20  stm32f10x_rcc.o(.text)
    RCC_ITConfig                             0x080011f3   Thumb Code    26  stm32f10x_rcc.o(.text)
    RCC_USBCLKConfig                         0x0800120d   Thumb Code     6  stm32f10x_rcc.o(.text)
    RCC_ADCCLKConfig                         0x08001213   Thumb Code    18  stm32f10x_rcc.o(.text)
    RCC_LSEConfig                            0x08001225   Thumb Code    44  stm32f10x_rcc.o(.text)
    RCC_LSICmd                               0x08001251   Thumb Code     6  stm32f10x_rcc.o(.text)
    RCC_RTCCLKConfig                         0x08001257   Thumb Code    12  stm32f10x_rcc.o(.text)
    RCC_RTCCLKCmd                            0x08001263   Thumb Code     8  stm32f10x_rcc.o(.text)
    RCC_GetClocksFreq                        0x0800126b   Thumb Code   192  stm32f10x_rcc.o(.text)
    RCC_AHBPeriphClockCmd                    0x0800132b   Thumb Code    26  stm32f10x_rcc.o(.text)
    RCC_APB2PeriphClockCmd                   0x08001345   Thumb Code    26  stm32f10x_rcc.o(.text)
    RCC_APB1PeriphClockCmd                   0x0800135f   Thumb Code    26  stm32f10x_rcc.o(.text)
    RCC_APB2PeriphResetCmd                   0x08001379   Thumb Code    26  stm32f10x_rcc.o(.text)
    RCC_APB1PeriphResetCmd                   0x08001393   Thumb Code    26  stm32f10x_rcc.o(.text)
    RCC_BackupResetCmd                       0x080013ad   Thumb Code     8  stm32f10x_rcc.o(.text)
    RCC_ClockSecuritySystemCmd               0x080013b5   Thumb Code     6  stm32f10x_rcc.o(.text)
    RCC_MCOConfig                            0x080013bb   Thumb Code     6  stm32f10x_rcc.o(.text)
    RCC_ClearFlag                            0x080013c1   Thumb Code    14  stm32f10x_rcc.o(.text)
    RCC_GetITStatus                          0x080013cf   Thumb Code    20  stm32f10x_rcc.o(.text)
    RCC_ClearITPendingBit                    0x080013e3   Thumb Code     6  stm32f10x_rcc.o(.text)
    SPI_I2S_DeInit                           0x08001415   Thumb Code    76  stm32f10x_spi.o(.text)
    SPI_Init                                 0x08001461   Thumb Code    60  stm32f10x_spi.o(.text)
    I2S_Init                                 0x0800149d   Thumb Code   226  stm32f10x_spi.o(.text)
    SPI_StructInit                           0x0800157f   Thumb Code    24  stm32f10x_spi.o(.text)
    I2S_StructInit                           0x08001597   Thumb Code    20  stm32f10x_spi.o(.text)
    SPI_Cmd                                  0x080015ab   Thumb Code    24  stm32f10x_spi.o(.text)
    I2S_Cmd                                  0x080015c3   Thumb Code    24  stm32f10x_spi.o(.text)
    SPI_I2S_ITConfig                         0x080015db   Thumb Code    32  stm32f10x_spi.o(.text)
    SPI_I2S_DMACmd                           0x080015fb   Thumb Code    18  stm32f10x_spi.o(.text)
    SPI_I2S_SendData                         0x0800160d   Thumb Code     4  stm32f10x_spi.o(.text)
    SPI_I2S_ReceiveData                      0x08001611   Thumb Code     6  stm32f10x_spi.o(.text)
    SPI_NSSInternalSoftwareConfig            0x08001617   Thumb Code    30  stm32f10x_spi.o(.text)
    SPI_SSOutputCmd                          0x08001635   Thumb Code    24  stm32f10x_spi.o(.text)
    SPI_DataSizeConfig                       0x0800164d   Thumb Code    18  stm32f10x_spi.o(.text)
    SPI_TransmitCRC                          0x0800165f   Thumb Code    10  stm32f10x_spi.o(.text)
    SPI_CalculateCRC                         0x08001669   Thumb Code    24  stm32f10x_spi.o(.text)
    SPI_GetCRC                               0x08001681   Thumb Code    16  stm32f10x_spi.o(.text)
    SPI_GetCRCPolynomial                     0x08001691   Thumb Code     6  stm32f10x_spi.o(.text)
    SPI_BiDirectionalLineConfig              0x08001697   Thumb Code    28  stm32f10x_spi.o(.text)
    SPI_I2S_GetFlagStatus                    0x080016b3   Thumb Code    18  stm32f10x_spi.o(.text)
    SPI_I2S_ClearFlag                        0x080016c5   Thumb Code     6  stm32f10x_spi.o(.text)
    SPI_I2S_GetITStatus                      0x080016cb   Thumb Code    52  stm32f10x_spi.o(.text)
    SPI_I2S_ClearITPendingBit                0x080016ff   Thumb Code    20  stm32f10x_spi.o(.text)
    TIM_DeInit                               0x08001721   Thumb Code   424  stm32f10x_tim.o(.text)
    TIM_TimeBaseInit                         0x080018c9   Thumb Code   122  stm32f10x_tim.o(.text)
    TIM_OC1Init                              0x08001943   Thumb Code   132  stm32f10x_tim.o(.text)
    TIM_OC2Init                              0x080019c7   Thumb Code   154  stm32f10x_tim.o(.text)
    TIM_OC3Init                              0x08001a61   Thumb Code   150  stm32f10x_tim.o(.text)
    TIM_OC4Init                              0x08001af7   Thumb Code   182  stm32f10x_tim.o(.text)
    TIM_SetIC4Prescaler                      0x08001bad   Thumb Code    26  stm32f10x_tim.o(.text)
    TIM_SetIC3Prescaler                      0x08001c49   Thumb Code    18  stm32f10x_tim.o(.text)
    TIM_SetIC2Prescaler                      0x08001cd5   Thumb Code    26  stm32f10x_tim.o(.text)
    TIM_SetIC1Prescaler                      0x08001d71   Thumb Code    18  stm32f10x_tim.o(.text)
    TIM_ICInit                               0x08001def   Thumb Code   150  stm32f10x_tim.o(.text)
    TIM_PWMIConfig                           0x08001e85   Thumb Code   124  stm32f10x_tim.o(.text)
    TIM_BDTRConfig                           0x08001f01   Thumb Code    32  stm32f10x_tim.o(.text)
    TIM_TimeBaseStructInit                   0x08001f21   Thumb Code    18  stm32f10x_tim.o(.text)
    TIM_OCStructInit                         0x08001f33   Thumb Code    20  stm32f10x_tim.o(.text)
    TIM_ICStructInit                         0x08001f47   Thumb Code    18  stm32f10x_tim.o(.text)
    TIM_BDTRStructInit                       0x08001f59   Thumb Code    40  stm32f10x_tim.o(.text)
    TIM_Cmd                                  0x08001f81   Thumb Code    24  stm32f10x_tim.o(.text)
    TIM_CtrlPWMOutputs                       0x08001f99   Thumb Code    30  stm32f10x_tim.o(.text)
    TIM_ITConfig                             0x08001fb7   Thumb Code    18  stm32f10x_tim.o(.text)
    TIM_GenerateEvent                        0x08001fc9   Thumb Code     4  stm32f10x_tim.o(.text)
    TIM_DMAConfig                            0x08001fcd   Thumb Code    10  stm32f10x_tim.o(.text)
    TIM_DMACmd                               0x08001fd7   Thumb Code    18  stm32f10x_tim.o(.text)
    TIM_InternalClockConfig                  0x08001fe9   Thumb Code    12  stm32f10x_tim.o(.text)
    TIM_SelectInputTrigger                   0x08001ff5   Thumb Code    18  stm32f10x_tim.o(.text)
    TIM_ITRxExternalClockConfig              0x08002007   Thumb Code    24  stm32f10x_tim.o(.text)
    TIM_TIxExternalClockConfig               0x0800201f   Thumb Code    62  stm32f10x_tim.o(.text)
    TIM_ETRConfig                            0x0800205d   Thumb Code    28  stm32f10x_tim.o(.text)
    TIM_ETRClockMode1Config                  0x08002079   Thumb Code    54  stm32f10x_tim.o(.text)
    TIM_ETRClockMode2Config                  0x080020af   Thumb Code    32  stm32f10x_tim.o(.text)
    TIM_PrescalerConfig                      0x080020cf   Thumb Code     6  stm32f10x_tim.o(.text)
    TIM_CounterModeConfig                    0x080020d5   Thumb Code    18  stm32f10x_tim.o(.text)
    TIM_EncoderInterfaceConfig               0x080020e7   Thumb Code    66  stm32f10x_tim.o(.text)
    TIM_ForcedOC1Config                      0x08002129   Thumb Code    18  stm32f10x_tim.o(.text)
    TIM_ForcedOC2Config                      0x0800213b   Thumb Code    26  stm32f10x_tim.o(.text)
    TIM_ForcedOC3Config                      0x08002155   Thumb Code    18  stm32f10x_tim.o(.text)
    TIM_ForcedOC4Config                      0x08002167   Thumb Code    26  stm32f10x_tim.o(.text)
    TIM_ARRPreloadConfig                     0x08002181   Thumb Code    24  stm32f10x_tim.o(.text)
    TIM_SelectCOM                            0x08002199   Thumb Code    24  stm32f10x_tim.o(.text)
    TIM_SelectCCDMA                          0x080021b1   Thumb Code    24  stm32f10x_tim.o(.text)
    TIM_CCPreloadControl                     0x080021c9   Thumb Code    24  stm32f10x_tim.o(.text)
    TIM_OC1PreloadConfig                     0x080021e1   Thumb Code    18  stm32f10x_tim.o(.text)
    TIM_OC2PreloadConfig                     0x080021f3   Thumb Code    26  stm32f10x_tim.o(.text)
    TIM_OC3PreloadConfig                     0x0800220d   Thumb Code    18  stm32f10x_tim.o(.text)
    TIM_OC4PreloadConfig                     0x0800221f   Thumb Code    26  stm32f10x_tim.o(.text)
    TIM_OC1FastConfig                        0x08002239   Thumb Code    18  stm32f10x_tim.o(.text)
    TIM_OC2FastConfig                        0x0800224b   Thumb Code    26  stm32f10x_tim.o(.text)
    TIM_OC3FastConfig                        0x08002265   Thumb Code    18  stm32f10x_tim.o(.text)
    TIM_OC4FastConfig                        0x08002277   Thumb Code    26  stm32f10x_tim.o(.text)
    TIM_ClearOC1Ref                          0x08002291   Thumb Code    18  stm32f10x_tim.o(.text)
    TIM_ClearOC2Ref                          0x080022a3   Thumb Code    24  stm32f10x_tim.o(.text)
    TIM_ClearOC3Ref                          0x080022bb   Thumb Code    18  stm32f10x_tim.o(.text)
    TIM_ClearOC4Ref                          0x080022cd   Thumb Code    24  stm32f10x_tim.o(.text)
    TIM_OC1PolarityConfig                    0x080022e5   Thumb Code    18  stm32f10x_tim.o(.text)
    TIM_OC1NPolarityConfig                   0x080022f7   Thumb Code    18  stm32f10x_tim.o(.text)
    TIM_OC2PolarityConfig                    0x08002309   Thumb Code    26  stm32f10x_tim.o(.text)
    TIM_OC2NPolarityConfig                   0x08002323   Thumb Code    26  stm32f10x_tim.o(.text)
    TIM_OC3PolarityConfig                    0x0800233d   Thumb Code    26  stm32f10x_tim.o(.text)
    TIM_OC3NPolarityConfig                   0x08002357   Thumb Code    26  stm32f10x_tim.o(.text)
    TIM_OC4PolarityConfig                    0x08002371   Thumb Code    26  stm32f10x_tim.o(.text)
    TIM_CCxCmd                               0x0800238b   Thumb Code    30  stm32f10x_tim.o(.text)
    TIM_CCxNCmd                              0x080023a9   Thumb Code    30  stm32f10x_tim.o(.text)
    TIM_SelectOCxM                           0x080023c7   Thumb Code    82  stm32f10x_tim.o(.text)
    TIM_UpdateDisableConfig                  0x08002419   Thumb Code    24  stm32f10x_tim.o(.text)
    TIM_UpdateRequestConfig                  0x08002431   Thumb Code    24  stm32f10x_tim.o(.text)
    TIM_SelectHallSensor                     0x08002449   Thumb Code    24  stm32f10x_tim.o(.text)
    TIM_SelectOnePulseMode                   0x08002461   Thumb Code    18  stm32f10x_tim.o(.text)
    TIM_SelectOutputTrigger                  0x08002473   Thumb Code    18  stm32f10x_tim.o(.text)
    TIM_SelectSlaveMode                      0x08002485   Thumb Code    18  stm32f10x_tim.o(.text)
    TIM_SelectMasterSlaveMode                0x08002497   Thumb Code    18  stm32f10x_tim.o(.text)
    TIM_SetCounter                           0x080024a9   Thumb Code     4  stm32f10x_tim.o(.text)
    TIM_SetAutoreload                        0x080024ad   Thumb Code     4  stm32f10x_tim.o(.text)
    TIM_SetCompare1                          0x080024b1   Thumb Code     4  stm32f10x_tim.o(.text)
    TIM_SetCompare2                          0x080024b5   Thumb Code     4  stm32f10x_tim.o(.text)
    TIM_SetCompare3                          0x080024b9   Thumb Code     4  stm32f10x_tim.o(.text)
    TIM_SetCompare4                          0x080024bd   Thumb Code     6  stm32f10x_tim.o(.text)
    TIM_SetClockDivision                     0x080024c3   Thumb Code    18  stm32f10x_tim.o(.text)
    TIM_GetCapture1                          0x080024d5   Thumb Code     6  stm32f10x_tim.o(.text)
    TIM_GetCapture2                          0x080024db   Thumb Code     6  stm32f10x_tim.o(.text)
    TIM_GetCapture3                          0x080024e1   Thumb Code     6  stm32f10x_tim.o(.text)
    TIM_GetCapture4                          0x080024e7   Thumb Code     8  stm32f10x_tim.o(.text)
    TIM_GetCounter                           0x080024ef   Thumb Code     6  stm32f10x_tim.o(.text)
    TIM_GetPrescaler                         0x080024f5   Thumb Code     6  stm32f10x_tim.o(.text)
    TIM_GetFlagStatus                        0x080024fb   Thumb Code    18  stm32f10x_tim.o(.text)
    TIM_ClearFlag                            0x0800250d   Thumb Code     6  stm32f10x_tim.o(.text)
    TIM_GetITStatus                          0x08002513   Thumb Code    34  stm32f10x_tim.o(.text)
    TIM_ClearITPendingBit                    0x08002535   Thumb Code     6  stm32f10x_tim.o(.text)
    USART_DeInit                             0x0800253d   Thumb Code   134  stm32f10x_usart.o(.text)
    USART_Init                               0x080025c3   Thumb Code   210  stm32f10x_usart.o(.text)
    USART_StructInit                         0x08002695   Thumb Code    24  stm32f10x_usart.o(.text)
    USART_ClockInit                          0x080026ad   Thumb Code    34  stm32f10x_usart.o(.text)
    USART_ClockStructInit                    0x080026cf   Thumb Code    12  stm32f10x_usart.o(.text)
    USART_Cmd                                0x080026db   Thumb Code    24  stm32f10x_usart.o(.text)
    USART_ITConfig                           0x080026f3   Thumb Code    74  stm32f10x_usart.o(.text)
    USART_DMACmd                             0x0800273d   Thumb Code    18  stm32f10x_usart.o(.text)
    USART_SetAddress                         0x0800274f   Thumb Code    18  stm32f10x_usart.o(.text)
    USART_WakeUpConfig                       0x08002761   Thumb Code    18  stm32f10x_usart.o(.text)
    USART_ReceiverWakeUpCmd                  0x08002773   Thumb Code    24  stm32f10x_usart.o(.text)
    USART_LINBreakDetectLengthConfig         0x0800278b   Thumb Code    18  stm32f10x_usart.o(.text)
    USART_LINCmd                             0x0800279d   Thumb Code    24  stm32f10x_usart.o(.text)
    USART_SendData                           0x080027b5   Thumb Code     8  stm32f10x_usart.o(.text)
    USART_ReceiveData                        0x080027bd   Thumb Code    10  stm32f10x_usart.o(.text)
    USART_SendBreak                          0x080027c7   Thumb Code    10  stm32f10x_usart.o(.text)
    USART_SetGuardTime                       0x080027d1   Thumb Code    16  stm32f10x_usart.o(.text)
    USART_SetPrescaler                       0x080027e1   Thumb Code    16  stm32f10x_usart.o(.text)
    USART_SmartCardCmd                       0x080027f1   Thumb Code    24  stm32f10x_usart.o(.text)
    USART_SmartCardNACKCmd                   0x08002809   Thumb Code    24  stm32f10x_usart.o(.text)
    USART_HalfDuplexCmd                      0x08002821   Thumb Code    24  stm32f10x_usart.o(.text)
    USART_OverSampling8Cmd                   0x08002839   Thumb Code    22  stm32f10x_usart.o(.text)
    USART_OneBitMethodCmd                    0x0800284f   Thumb Code    24  stm32f10x_usart.o(.text)
    USART_IrDAConfig                         0x08002867   Thumb Code    18  stm32f10x_usart.o(.text)
    USART_IrDACmd                            0x08002879   Thumb Code    24  stm32f10x_usart.o(.text)
    USART_GetFlagStatus                      0x08002891   Thumb Code    26  stm32f10x_usart.o(.text)
    USART_ClearFlag                          0x080028ab   Thumb Code    18  stm32f10x_usart.o(.text)
    USART_GetITStatus                        0x080028bd   Thumb Code    84  stm32f10x_usart.o(.text)
    USART_ClearITPendingBit                  0x08002911   Thumb Code    52  stm32f10x_usart.o(.text)
    delay_init                               0x08002945   Thumb Code    50  delay.o(.text)
    delay_us                                 0x08002977   Thumb Code    70  delay.o(.text)
    delay_ms                                 0x080029bd   Thumb Code    70  delay.o(.text)
    InitCurrWrAddress                        0x08002a63   Thumb Code    92  eeprom.o(.text)
    EE_ReadVariable                          0x08002b71   Thumb Code    88  eeprom.o(.text)
    __EE_Init                                0x08002bc9   Thumb Code   486  eeprom.o(.text)
    EE_Init                                  0x08002daf   Thumb Code    16  eeprom.o(.text)
    EE_WriteVariable                         0x08002eb5   Thumb Code    36  eeprom.o(.text)
    EE_INIT                                  0x08002ee1   Thumb Code     8  flash.o(.text)
    EE_SAVE_ACC_OFFSET                       0x08002ee9   Thumb Code    46  flash.o(.text)
    EE_READ_ACC_OFFSET                       0x08002f17   Thumb Code    64  flash.o(.text)
    EE_SAVE_GYRO_OFFSET                      0x08002f57   Thumb Code    46  flash.o(.text)
    EE_READ_GYRO_OFFSET                      0x08002f85   Thumb Code    64  flash.o(.text)
    EE_SAVE_CMP_OFFSET                       0x08002fc5   Thumb Code   108  flash.o(.text)
    EE_READ_CMP_OFFSET                       0x08003031   Thumb Code   124  flash.o(.text)
    EE_READ_BARO_OFFSET                      0x080030ad   Thumb Code    42  flash.o(.text)
    EE_SAVE_BARO_OFFSET                      0x080030d7   Thumb Code    38  flash.o(.text)
    EE_SAVE_PID1                             0x080030fd   Thumb Code   256  flash.o(.text)
    EE_SAVE_PID2                             0x080031fd   Thumb Code   298  flash.o(.text)
    EE_SAVE_PID3                             0x08003327   Thumb Code   270  flash.o(.text)
    EE_SAVE_PID4                             0x08003435   Thumb Code   274  flash.o(.text)
    EE_READ_PID                              0x08003547   Thumb Code  1138  flash.o(.text)
    Single_Write                             0x080039d1   Thumb Code    86  hmc5883l.o(.text)
    HMC5883L_Init                            0x08003a27   Thumb Code    24  hmc5883l.o(.text)
    Single_Read                              0x08003a3f   Thumb Code    64  hmc5883l.o(.text)
    HMC5883L_Read                            0x08003a7f   Thumb Code   598  hmc5883l.o(.text)
    HMC5883L_Calibrate                       0x08003cd5   Thumb Code    50  hmc5883l.o(.text)
    KEY_Init                                 0x08003d3d   Thumb Code    34  key.o(.text)
    KEY_Scan                                 0x08003d5f   Thumb Code   102  key.o(.text)
    Calibration_Sensor                       0x08003dc5   Thumb Code    44  key.o(.text)
    yellow_ON                                0x08003df5   Thumb Code     8  led.o(.text)
    red_ON                                   0x08003dfd   Thumb Code     8  led.o(.text)
    red_OFF                                  0x08003e05   Thumb Code     8  led.o(.text)
    yellow_OFF                               0x08003e0d   Thumb Code     8  led.o(.text)
    LED_Init                                 0x08003e15   Thumb Code   176  led.o(.text)
    red_toggle                               0x08003ec5   Thumb Code    18  led.o(.text)
    yellow_toggle                            0x08003ed7   Thumb Code    18  led.o(.text)
    all_ON                                   0x08003ee9   Thumb Code    14  led.o(.text)
    all_OFF                                  0x08003ef7   Thumb Code    14  led.o(.text)
    all_toggle                               0x08003f05   Thumb Code    36  led.o(.text)
    blue_On                                  0x08003f29   Thumb Code     8  led.o(.text)
    blue_Off                                 0x08003f31   Thumb Code     8  led.o(.text)
    blue_twinkle                             0x08003f39   Thumb Code    34  led.o(.text)
    Tim5_init                                0x08003f7d   Thumb Code   156  moto.o(.text)
    Moto_Init                                0x08004019   Thumb Code    50  moto.o(.text)
    Moto_PwmRflash                           0x0800404b   Thumb Code   156  moto.o(.text)
    I2C_delay                                0x080040f5   Thumb Code    28  mpu6050.o(.text)
    I2C_Stop                                 0x08004111   Thumb Code    56  mpu6050.o(.text)
    I2C_WaitAck                              0x08004149   Thumb Code    86  mpu6050.o(.text)
    I2C_SendByte                             0x0800419f   Thumb Code    88  mpu6050.o(.text)
    I2C_Start                                0x080041f7   Thumb Code    80  mpu6050.o(.text)
    MPU6050_WriteByte                        0x08004247   Thumb Code    86  mpu6050.o(.text)
    I2C_NoAck                                0x0800429d   Thumb Code    56  mpu6050.o(.text)
    I2C_ReadByte                             0x080042d5   Thumb Code    84  mpu6050.o(.text)
    MPU6050_ReadByte                         0x08004329   Thumb Code    64  mpu6050.o(.text)
    MPU6050_setI2CMasterModeEnabled          0x08004369   Thumb Code    30  mpu6050.o(.text)
    MPU6050_setI2CBypassEnabled              0x08004387   Thumb Code    30  mpu6050.o(.text)
    MPU6050_Init                             0x080043a5   Thumb Code   174  mpu6050.o(.text)
    MPU6050_Read                             0x08004453   Thumb Code   818  mpu6050.o(.text)
    I2C_Ack                                  0x08004785   Thumb Code    54  mpu6050.o(.text)
    MS5611_ReadByte_16b                      0x080047f9   Thumb Code   104  ms5611.o(.text)
    MS561101BA_PROM_READ                     0x08004861   Thumb Code    76  ms5611.o(.text)
    MS561101BA_RESET                         0x080048ad   Thumb Code    56  ms5611.o(.text)
    MS561101BA_Init                          0x080048e5   Thumb Code    30  ms5611.o(.text)
    MS5611_ReadByte_8b                       0x08004903   Thumb Code    86  ms5611.o(.text)
    MS561101BA_ADC_CONVERSION                0x08004959   Thumb Code   134  ms5611.o(.text)
    MS5611_Read                              0x080049df   Thumb Code   522  ms5611.o(.text)
    NRF_Write_Reg                            0x08004c1d   Thumb Code    40  nrf24l01.o(.text)
    NRF_Read_Reg                             0x08004c45   Thumb Code    38  nrf24l01.o(.text)
    NRF_Write_Buf                            0x08004c6b   Thumb Code    58  nrf24l01.o(.text)
    NRF_Read_Buf                             0x08004ca5   Thumb Code    60  nrf24l01.o(.text)
    NRF_TxPacket                             0x08004ce1   Thumb Code   104  nrf24l01.o(.text)
    NRF_TxPacket_AP                          0x08004d49   Thumb Code    34  nrf24l01.o(.text)
    Nrf24l01_Check                           0x08004d6b   Thumb Code    62  nrf24l01.o(.text)
    Nrf24l01_Init                            0x08004da9   Thumb Code   238  nrf24l01.o(.text)
    Nrf_Get_FIFOSta                          0x08004e97   Thumb Code    10  nrf24l01.o(.text)
    Spi1_Init                                0x08004eb5   Thumb Code   214  spi.o(.text)
    SPI_Simu_Init                            0x08004f8b   Thumb Code    76  spi.o(.text)
    SPI_Simu_RW                              0x08004fd7   Thumb Code   104  spi.o(.text)
    Spi_RW                                   0x0800503f   Thumb Code    50  spi.o(.text)
    Spi_Change_To_ADNS3080_                  0x08005071   Thumb Code    88  spi.o(.text)
    Spi_Change_To_nRF24L01_                  0x080050c9   Thumb Code    86  spi.o(.text)
    NVIC_Configuration                       0x0800512d   Thumb Code    12  sys.o(.text)
    Tim_Pwm_In_Init                          0x08005139   Thumb Code   518  tim_pwm_in.o(.text)
    Tim4_Pwm_In_Irq                          0x0800533f   Thumb Code   618  tim_pwm_in.o(.text)
    Tim2_Pwm_In_Irq                          0x080055a9   Thumb Code   548  tim_pwm_in.o(.text)
    RC_Read                                  0x080057cd   Thumb Code   108  tim_pwm_in.o(.text)
    Timerx_Init                              0x0800588d   Thumb Code    90  timer.o(.text)
    _sys_exit                                0x080058ed   Thumb Code     4  usart.o(.text)
    fputc                                    0x080058f1   Thumb Code    22  usart.o(.text)
    uart_init                                0x08005907   Thumb Code   158  usart.o(.text)
    LPF2pSetCutoffFreq                       0x080059ad   Thumb Code   264  filter.o(.text)
    LPF2pApply_1                             0x08005ab5   Thumb Code   146  filter.o(.text)
    LPF2pApply_2                             0x08005b47   Thumb Code   146  filter.o(.text)
    LPF2pApply_3                             0x08005bd9   Thumb Code   146  filter.o(.text)
    Acc_Butterworth_Filter                   0x08005c6b   Thumb Code    96  filter.o(.text)
    ACC_Smooth_Filter                        0x08005ccb   Thumb Code   158  filter.o(.text)
    Data_Send_Check                          0x08005dc9   Thumb Code    70  data_transfer.o(.text)
    Data_Receive_Anl                         0x08005e0f   Thumb Code  1228  data_transfer.o(.text)
    Nrf_Check_Event                          0x080062db   Thumb Code   112  data_transfer.o(.text)
    Data_Send_RCData                         0x0800634b   Thumb Code   318  data_transfer.o(.text)
    Data_Send_GPSData                        0x08006489   Thumb Code   372  data_transfer.o(.text)
    Data_Send_IMU_Data                       0x080065fd   Thumb Code   300  data_transfer.o(.text)
    Data_Send_MotoPWM                        0x08006729   Thumb Code   230  data_transfer.o(.text)
    Data_Send_Status                         0x0800680f   Thumb Code   368  data_transfer.o(.text)
    Data_Send_PID1                           0x0800697f   Thumb Code   514  data_transfer.o(.text)
    Data_Send_PID2                           0x08006b81   Thumb Code   498  data_transfer.o(.text)
    Data_Send_PID3                           0x08006d73   Thumb Code   516  data_transfer.o(.text)
    Data_Send_PID4                           0x08006f77   Thumb Code   498  data_transfer.o(.text)
    Uart1_Put_Buf                            0x08007169   Thumb Code    40  data_transfer.o(.text)
    Data_Send_DCM                            0x08007191   Thumb Code   384  data_transfer.o(.text)
    MPU6050_CalOff_Acc                       0x08007315   Thumb Code    24  imu.o(.text)
    MPU6050_CalOff_Gyr                       0x0800732d   Thumb Code    46  imu.o(.text)
    Cal_Compass                              0x0800735b   Thumb Code    48  imu.o(.text)
    MS5611_CalOffset                         0x0800738b   Thumb Code    24  imu.o(.text)
    Unit_Unify                               0x080073a3   Thumb Code   224  imu.o(.text)
    InvSqrt                                  0x08007483   Thumb Code    70  imu.o(.text)
    IMU_Update                               0x080074c9   Thumb Code  1644  imu.o(.text)
    Get_CompassAngle                         0x08007b35   Thumb Code   582  imu.o(.text)
    AHRSupdate                               0x08007d7b   Thumb Code  2966  imu.o(.text)
    GraDescent_Updata                        0x08008911   Thumb Code     6  imu.o(.text)
    GraDescentAll_Updata                     0x08008917   Thumb Code     6  imu.o(.text)
    Kalman_IMU_Update                        0x0800891d   Thumb Code     6  imu.o(.text)
    Kalman_Grad_Update                       0x08008923   Thumb Code     6  imu.o(.text)
    Kalman_Grad_ALL_Update                   0x08008929   Thumb Code     6  imu.o(.text)
    Rc_Fun                                   0x0800892f   Thumb Code   312  imu.o(.text)
    Constrain_float                          0x08008a7d   Thumb Code    38  pid.o(.text)
    yaw_rate_pidUpdate                       0x08008aa3   Thumb Code   240  pid.o(.text)
    double_loop_pid                          0x08008b93   Thumb Code   374  pid.o(.text)
    Angel_Control                            0x08008d09   Thumb Code   238  pid.o(.text)
    Altitude_Calculation                     0x08008e3d   Thumb Code   556  altitude.o(.text)
    Kalman_Comple_Filter_Altitude            0x08009069   Thumb Code  1086  altitude.o(.text)
    Kalman_Filter_Altitude                   0x080094a7   Thumb Code  1780  altitude.o(.text)
    LPButter_Vel_Error                       0x08009b9b   Thumb Code    94  altitude.o(.text)
    Altitude_Control                         0x08009bf9   Thumb Code   510  altitude.o(.text)
    __aeabi_fadd                             0x08009e69   Thumb Code   164  fadd.o(.text)
    __aeabi_fsub                             0x08009f0d   Thumb Code     6  fadd.o(.text)
    __aeabi_frsub                            0x08009f13   Thumb Code     6  fadd.o(.text)
    __aeabi_fmul                             0x08009f19   Thumb Code   108  fmul.o(.text)
    __aeabi_fdiv                             0x08009f85   Thumb Code   128  fdiv.o(.text)
    __aeabi_dadd                             0x0800a005   Thumb Code   322  dadd.o(.text)
    __aeabi_dsub                             0x0800a147   Thumb Code     6  dadd.o(.text)
    __aeabi_drsub                            0x0800a14d   Thumb Code     6  dadd.o(.text)
    __aeabi_dmul                             0x0800a153   Thumb Code   228  dmul.o(.text)
    __aeabi_ddiv                             0x0800a237   Thumb Code   222  ddiv.o(.text)
    __aeabi_i2f                              0x0800a315   Thumb Code    18  fflti.o(.text)
    __aeabi_ui2f                             0x0800a327   Thumb Code    10  ffltui.o(.text)
    __aeabi_f2iz                             0x0800a331   Thumb Code    50  ffixi.o(.text)
    __aeabi_f2uiz                            0x0800a363   Thumb Code    40  ffixui.o(.text)
    __aeabi_d2iz                             0x0800a38b   Thumb Code    62  dfixi.o(.text)
    __aeabi_f2d                              0x0800a3c9   Thumb Code    38  f2d.o(.text)
    __aeabi_d2f                              0x0800a3ef   Thumb Code    56  d2f.o(.text)
    __aeabi_cfcmpeq                          0x0800a429   Thumb Code     0  cfcmple.o(.text)
    __aeabi_cfcmple                          0x0800a429   Thumb Code    20  cfcmple.o(.text)
    __aeabi_cfrcmple                         0x0800a43d   Thumb Code    20  cfrcmple.o(.text)
    __aeabi_llsl                             0x0800a451   Thumb Code    30  llshl.o(.text)
    _ll_shift_l                              0x0800a451   Thumb Code     0  llshl.o(.text)
    __aeabi_llsr                             0x0800a46f   Thumb Code    32  llushr.o(.text)
    _ll_ushift_r                             0x0800a46f   Thumb Code     0  llushr.o(.text)
    __aeabi_lasr                             0x0800a48f   Thumb Code    36  llsshr.o(.text)
    _ll_sshift_r                             0x0800a48f   Thumb Code     0  llsshr.o(.text)
    __I$use$fp                               0x0800a4b3   Thumb Code     0  iusefp.o(.text)
    _float_round                             0x0800a4b3   Thumb Code    18  fepilogue.o(.text)
    _float_epilogue                          0x0800a4c5   Thumb Code    90  fepilogue.o(.text)
    __ARM_scalbnf                            0x0800a51f   Thumb Code    24  fscalb.o(.text)
    scalbnf                                  0x0800a51f   Thumb Code     0  fscalb.o(.text)
    _frnd                                    0x0800a537   Thumb Code    60  frnd.o(.text)
    _double_round                            0x0800a573   Thumb Code    26  depilogue.o(.text)
    _double_epilogue                         0x0800a58d   Thumb Code   164  depilogue.o(.text)
    __ARM_scalbn                             0x0800a631   Thumb Code    46  dscalb.o(.text)
    scalbn                                   0x0800a631   Thumb Code     0  dscalb.o(.text)
    _dsqrt                                   0x0800a65f   Thumb Code   162  dsqrt.o(.text)
    __aeabi_i2d                              0x0800a701   Thumb Code    34  dflti.o(.text)
    __aeabi_cdrcmple                         0x0800a725   Thumb Code    38  cdrcmple.o(.text)
    __scatterload                            0x0800a74d   Thumb Code    28  init.o(.text)
    __scatterload_rt2                        0x0800a74d   Thumb Code     0  init.o(.text)
    __aeabi_ui2d                             0x0800a771   Thumb Code    26  dfltui.o(.text)
    __decompress                             0x0800a78b   Thumb Code     0  __dczerorl2.o(.text)
    __decompress1                            0x0800a78b   Thumb Code    92  __dczerorl2.o(.text)
    __ARM_fpclassify                         0x0800a7e7   Thumb Code    40  fpclassify.o(i.__ARM_fpclassify)
    __ARM_fpclassifyf                        0x0800a80f   Thumb Code    38  fpclassifyf.o(i.__ARM_fpclassifyf)
    __ieee754_rem_pio2                       0x0800a835   Thumb Code   832  rred.o(i.__ieee754_rem_pio2)
    __kernel_cos                             0x0800abbd   Thumb Code   230  cos_i.o(i.__kernel_cos)
    __kernel_poly                            0x0800acb9   Thumb Code   170  poly.o(i.__kernel_poly)
    __kernel_sin                             0x0800ad65   Thumb Code   224  sin_i.o(i.__kernel_sin)
    __mathlib_dbl_underflow                  0x0800ae51   Thumb Code    10  dunder.o(i.__mathlib_dbl_underflow)
    __mathlib_flt_underflow                  0x0800ae61   Thumb Code    10  funder.o(i.__mathlib_flt_underflow)
    __mathlib_rredf2                         0x0800ae6d   Thumb Code   326  rredf.o(i.__mathlib_rredf2)
    __scatterload_copy                       0x0800afc5   Thumb Code    14  handlers.o(i.__scatterload_copy)
    __scatterload_null                       0x0800afd3   Thumb Code     2  handlers.o(i.__scatterload_null)
    __scatterload_zeroinit                   0x0800afd5   Thumb Code    14  handlers.o(i.__scatterload_zeroinit)
    __set_errno                              0x0800afe5   Thumb Code     6  errno.o(i.__set_errno)
    asin                                     0x0800aff1   Thumb Code   584  asin.o(i.asin)
    atan                                     0x0800b26d   Thumb Code   478  atan.o(i.atan)
    atan2                                    0x0800b491   Thumb Code   346  atan2.o(i.atan2)
    cos                                      0x0800b611   Thumb Code   164  cos.o(i.cos)
    cosf                                     0x0800b6bd   Thumb Code   332  cosf.o(i.cosf)
    pow                                      0x0800b83d   Thumb Code  2510  pow.o(i.pow)
    sin                                      0x0800c21d   Thumb Code   166  sin.o(i.sin)
    sqrt                                     0x0800c2cd   Thumb Code    76  sqrt.o(i.sqrt)
    tanf                                     0x0800c319   Thumb Code   320  tanf.o(i.tanf)
    __mathlib_zero                           0x0800c640   Data           8  qnan.o(.constdata)
    Region$$Table$$Base                      0x0800c758   Number         0  anon$$obj.o(Region$$Table)
    Region$$Table$$Limit                     0x0800c778   Number         0  anon$$obj.o(Region$$Table)
    USART_RX_STA                             0x20000000   Data           2  stm32f10x_it.o(.data)
    GYRO_OFFSET_OK                           0x2000000c   Data           1  global.o(.data)
    ACC_OFFSET_OK                            0x2000000d   Data           1  global.o(.data)
    CMP_OFFSET_OK                            0x2000000e   Data           1  global.o(.data)
    MS_OFFSET_OK                             0x2000000f   Data           1  global.o(.data)
    ARMed                                    0x20000010   Data           1  global.o(.data)
    BaroAlt                                  0x20000014   Data           4  global.o(.data)
    Send_PID1                                0x20000018   Data           1  global.o(.data)
    BaroOffset                               0x2000001c   Data           4  global.o(.data)
    Alt_Estimated                            0x20000020   Data           4  global.o(.data)
    Alt_Estimated2                           0x20000024   Data           4  global.o(.data)
    ADNS_cnt                                 0x20000028   Data           1  global.o(.data)
    sum_cnt                                  0x20000029   Data           1  global.o(.data)
    sum_temp                                 0x2000002c   Data           4  global.o(.data)
    aoutpu_alt                               0x20000030   Data           2  global.o(.data)
    bettary                                  0x20000034   Data           4  global.o(.data)
    hmc5883l                                 0x20000038   Data           6  global.o(.data)
    SYSTEM_STA                               0x2000003e   Data           1  global.o(.data)
    Calculate_THR                            0x20000040   Data           2  global.o(.data)
    moto_rate                                0x20000042   Data           8  global.o(.data)
    test                                     0x2000004a   Data           1  global.o(.data)
    error_detal                              0x2000004c   Data           4  global.o(.data)
    sum_filter_x                             0x20000050   Data           4  global.o(.data)
    sum_filter_y                             0x20000054   Data           4  global.o(.data)
    hmc_offset                               0x20000058   Data           6  global.o(.data)
    cal_cnt                                  0x2000005e   Data           2  global.o(.data)
    My_Gain                                  0x20000060   Data           4  global.o(.data)
    Mz_Gain                                  0x20000064   Data           4  global.o(.data)
    mx_min                                   0x20000068   Data           2  global.o(.data)
    mx_max                                   0x2000006a   Data           2  global.o(.data)
    my_min                                   0x2000006c   Data           2  global.o(.data)
    my_max                                   0x2000006e   Data           2  global.o(.data)
    mz_min                                   0x20000070   Data           2  global.o(.data)
    mz_max                                   0x20000072   Data           2  global.o(.data)
    SystemCoreClock                          0x20000074   Data           4  system_stm32f10x.o(.data)
    AHBPrescTable                            0x20000078   Data          16  system_stm32f10x.o(.data)
    DataVar                                  0x200000a0   Data           2  eeprom.o(.data)
    CurWrAddress                             0x200000a4   Data           4  eeprom.o(.data)
    VirtAddVarTab                            0x200000a8   Data          98  flash.o(.data)
    temp                                     0x2000010a   Data           2  flash.o(.data)
    Temperature                              0x2000013c   Data           2  mpu6050.o(.data)
    Cal_Num                                  0x2000013e   Data           1  ms5611.o(.data)
    TX_ADDRESS                               0x20000140   Data           5  nrf24l01.o(.data)
    RX_ADDRESS                               0x20000145   Data           5  nrf24l01.o(.data)
    IC1ReadValue1                            0x2000014c   Data           2  tim_pwm_in.o(.data)
    IC1ReadValue2                            0x2000014e   Data           2  tim_pwm_in.o(.data)
    CaptureNumber1                           0x20000150   Data           2  tim_pwm_in.o(.data)
    Capture1                                 0x20000154   Data           4  tim_pwm_in.o(.data)
    IC2ReadValue1                            0x20000158   Data           2  tim_pwm_in.o(.data)
    IC2ReadValue2                            0x2000015a   Data           2  tim_pwm_in.o(.data)
    CaptureNumber2                           0x2000015c   Data           2  tim_pwm_in.o(.data)
    Capture2                                 0x20000160   Data           4  tim_pwm_in.o(.data)
    IC3ReadValue1                            0x20000164   Data           2  tim_pwm_in.o(.data)
    IC3ReadValue2                            0x20000166   Data           2  tim_pwm_in.o(.data)
    CaptureNumber3                           0x20000168   Data           2  tim_pwm_in.o(.data)
    Capture3                                 0x2000016c   Data           4  tim_pwm_in.o(.data)
    IC4ReadValue1                            0x20000170   Data           2  tim_pwm_in.o(.data)
    IC4ReadValue2                            0x20000172   Data           2  tim_pwm_in.o(.data)
    CaptureNumber4                           0x20000174   Data           2  tim_pwm_in.o(.data)
    Capture4                                 0x20000178   Data           4  tim_pwm_in.o(.data)
    IC5ReadValue1                            0x2000017c   Data           2  tim_pwm_in.o(.data)
    IC5ReadValue2                            0x2000017e   Data           2  tim_pwm_in.o(.data)
    CaptureNumber5                           0x20000180   Data           2  tim_pwm_in.o(.data)
    Capture5                                 0x20000184   Data           4  tim_pwm_in.o(.data)
    IC6ReadValue1                            0x20000188   Data           2  tim_pwm_in.o(.data)
    IC6ReadValue2                            0x2000018a   Data           2  tim_pwm_in.o(.data)
    CaptureNumber6                           0x2000018c   Data           2  tim_pwm_in.o(.data)
    Capture6                                 0x20000190   Data           4  tim_pwm_in.o(.data)
    IC7ReadValue1                            0x20000194   Data           2  tim_pwm_in.o(.data)
    IC7ReadValue2                            0x20000196   Data           2  tim_pwm_in.o(.data)
    CaptureNumber7                           0x20000198   Data           2  tim_pwm_in.o(.data)
    Capture7                                 0x2000019c   Data           4  tim_pwm_in.o(.data)
    IC8ReadValue1                            0x200001a0   Data           2  tim_pwm_in.o(.data)
    IC8ReadValue2                            0x200001a2   Data           2  tim_pwm_in.o(.data)
    CaptureNumber8                           0x200001a4   Data           2  tim_pwm_in.o(.data)
    Capture8                                 0x200001a8   Data           4  tim_pwm_in.o(.data)
    q0                                       0x200001c8   Data           4  imu.o(.data)
    q1                                       0x200001cc   Data           4  imu.o(.data)
    q2                                       0x200001d0   Data           4  imu.o(.data)
    q3                                       0x200001d4   Data           4  imu.o(.data)
    P_0                                      0x200001dc   Data          64  imu.o(.data)
    _I                                       0x2000021c   Data          64  imu.o(.data)
    Q_1                                      0x2000025c   Data          16  imu.o(.data)
    Q_Fore_Noise                             0x2000026c   Data           4  imu.o(.data)
    R_Obser_Noise                            0x20000270   Data           4  imu.o(.data)
    Q_Altitude                               0x2000029c   Data           4  altitude.o(.data)
    Q_Velocity                               0x200002a0   Data           4  altitude.o(.data)
    R_Barometer                              0x200002a4   Data           4  altitude.o(.data)
    C_0                                      0x200002a8   Data           1  altitude.o(.data)
    vz_Earth                                 0x200002ac   Data           4  altitude.o(.data)
    PP                                       0x200002b0   Data          16  altitude.o(.data)
    PP_h                                     0x200002c0   Data          16  altitude.o(.data)
    Q_bias                                   0x20000320   Data           4  altitude.o(.data)
    Q_bias_h                                 0x20000324   Data           4  altitude.o(.data)
    Altitude_err                             0x20000328   Data           4  altitude.o(.data)
    PCt_0                                    0x2000032c   Data           4  altitude.o(.data)
    PCt_1                                    0x20000330   Data           4  altitude.o(.data)
    E                                        0x20000334   Data           4  altitude.o(.data)
    K_0                                      0x20000338   Data           4  altitude.o(.data)
    K_1                                      0x2000033c   Data           4  altitude.o(.data)
    t_0                                      0x20000340   Data           4  altitude.o(.data)
    t_1                                      0x20000344   Data           4  altitude.o(.data)
    GPS_RX_BUF                               0x2000034c   Data         200  stm32f10x_it.o(.bss)
    Rc_D                                     0x20000414   Data          20  global.o(.bss)
    hmc5883l_cal                             0x20000428   Data          12  global.o(.bss)
    mpu6050                                  0x20000434   Data          12  global.o(.bss)
    mpu6050_smooth                           0x20000440   Data          12  global.o(.bss)
    mpu6050_Butterworse                      0x2000044c   Data          12  global.o(.bss)
    mpu6050_unit                             0x20000458   Data          24  global.o(.bss)
    mpu6050_unit_deg                         0x20000470   Data          24  global.o(.bss)
    Pos_rate                                 0x20000488   Data          12  global.o(.bss)
    Pos_rate2                                0x20000494   Data          12  global.o(.bss)
    Gps_Data                                 0x200004a0   Data          24  global.o(.bss)
    angel_quad                               0x200004b8   Data          12  global.o(.bss)
    angel_quad1                              0x200004c4   Data          12  global.o(.bss)
    hmc5883l_unit                            0x200004d0   Data          12  global.o(.bss)
    PID1_ipt                                 0x200004dc   Data          72  global.o(.bss)
    PID2_ipt                                 0x20000524   Data          72  global.o(.bss)
    pid                                      0x2000056c   Data         108  global.o(.bss)
    MPU6050_OFFSER                           0x200005d8   Data          12  global.o(.bss)
    PI_dcm                                   0x200005e4   Data          24  global.o(.bss)
    non_dcm                                  0x200005fc   Data          24  global.o(.bss)
    Cal_C                                    0x20000622   Data          14  ms5611.o(.bss)
    NRF24L01_RXDATA                          0x20000630   Data          32  nrf24l01.o(.bss)
    NRF24L01_TXDATA                          0x20000650   Data          32  nrf24l01.o(.bss)
    Q_0                                      0x20000728   Data          16  imu.o(.bss)
    Kg                                       0x20000738   Data          64  imu.o(.bss)
    Q_Obser                                  0x20000778   Data          16  imu.o(.bss)
    _Q_Obser                                 0x20000788   Data          16  imu.o(.bss)
    Pdot                                     0x200008dc   Data          16  altitude.o(.bss)
    Pdot_h                                   0x200008ec   Data          16  altitude.o(.bss)
    __initial_sp                             0x20000d00   Data           0  startup_stm32f10x_hd.o(STACK)



==============================================================================

Memory Map of the image

  Image Entry point : 0x08000131

  Load Region LR_IROM1 (Base: 0x08000000, Size: 0x0000cac4, Max: 0x00080000, ABSOLUTE, COMPRESSED[0x0000c834])

    Execution Region ER_IROM1 (Base: 0x08000000, Size: 0x0000c778, Max: 0x00080000, ABSOLUTE)

    Base Addr    Size         Type   Attr      Idx    E Section Name        Object

    0x08000000   0x00000130   Data   RO          189    RESET               startup_stm32f10x_hd.o
    0x08000130   0x00000000   Code   RO          806  * .ARM.Collect$$$$00000000  mc_w.l(entry.o)
    0x08000130   0x00000004   Code   RO         1166    .ARM.Collect$$$$00000001  mc_w.l(entry2.o)
    0x08000134   0x00000004   Code   RO         1169    .ARM.Collect$$$$00000004  mc_w.l(entry5.o)
    0x08000138   0x00000000   Code   RO         1171    .ARM.Collect$$$$00000008  mc_w.l(entry7b.o)
    0x08000138   0x00000000   Code   RO         1173    .ARM.Collect$$$$0000000A  mc_w.l(entry8b.o)
    0x08000138   0x00000008   Code   RO         1174    .ARM.Collect$$$$0000000B  mc_w.l(entry9a.o)
    0x08000140   0x00000000   Code   RO         1176    .ARM.Collect$$$$0000000D  mc_w.l(entry10a.o)
    0x08000140   0x00000000   Code   RO         1178    .ARM.Collect$$$$0000000F  mc_w.l(entry11a.o)
    0x08000140   0x00000004   Code   RO         1167    .ARM.Collect$$$$00002712  mc_w.l(entry2.o)
    0x08000144   0x000000bc   Code   RO            1    .text               main.o
    0x08000200   0x00000280   Code   RO          148    .text               stm32f10x_it.o
    0x08000480   0x00000024   Code   RO          190    .text               startup_stm32f10x_hd.o
    0x080004a4   0x000001dc   Code   RO          195    .text               system_stm32f10x.o
    0x08000680   0x000000dc   Code   RO          233    .text               misc.o
    0x0800075c   0x000005bc   Code   RO          272    .text               stm32f10x_flash.o
    0x08000d18   0x00000358   Code   RO          284    .text               stm32f10x_gpio.o
    0x08001070   0x000003a4   Code   RO          326    .text               stm32f10x_rcc.o
    0x08001414   0x0000030c   Code   RO          340    .text               stm32f10x_spi.o
    0x08001720   0x00000e1a   Code   RO          352    .text               stm32f10x_tim.o
    0x0800253a   0x00000002   PAD
    0x0800253c   0x00000408   Code   RO          364    .text               stm32f10x_usart.o
    0x08002944   0x000000d0   Code   RO          403    .text               delay.o
    0x08002a14   0x000004cc   Code   RO          417    .text               eeprom.o
    0x08002ee0   0x00000af0   Code   RO          433    .text               flash.o
    0x080039d0   0x0000036c   Code   RO          454    .text               hmc5883l.o
    0x08003d3c   0x000000b8   Code   RO          467    .text               key.o
    0x08003df4   0x00000188   Code   RO          482    .text               led.o
    0x08003f7c   0x00000178   Code   RO          494    .text               moto.o
    0x080040f4   0x00000704   Code   RO          506    .text               mpu6050.o
    0x080047f8   0x00000424   Code   RO          522    .text               ms5611.o
    0x08004c1c   0x00000298   Code   RO          538    .text               nrf24l01.o
    0x08004eb4   0x00000278   Code   RO          557    .text               spi.o
    0x0800512c   0x0000000c   Code   RO          569    .text               sys.o
    0x08005138   0x00000754   Code   RO          581    .text               tim_pwm_in.o
    0x0800588c   0x00000060   Code   RO          596    .text               timer.o
    0x080058ec   0x000000c0   Code   RO          608    .text               usart.o
    0x080059ac   0x0000041c   Code   RO          627    .text               filter.o
    0x08005dc8   0x0000154c   Code   RO          676    .text               data_transfer.o
    0x08007314   0x00001768   Code   RO          691    .text               imu.o
    0x08008a7c   0x000003c0   Code   RO          707    .text               pid.o
    0x08008e3c   0x0000102c   Code   RO          721    .text               altitude.o
    0x08009e68   0x000000b0   Code   RO         1098    .text               mf_w.l(fadd.o)
    0x08009f18   0x0000006c   Code   RO         1100    .text               mf_w.l(fmul.o)
    0x08009f84   0x00000080   Code   RO         1102    .text               mf_w.l(fdiv.o)
    0x0800a004   0x0000014e   Code   RO         1104    .text               mf_w.l(dadd.o)
    0x0800a152   0x000000e4   Code   RO         1106    .text               mf_w.l(dmul.o)
    0x0800a236   0x000000de   Code   RO         1108    .text               mf_w.l(ddiv.o)
    0x0800a314   0x00000012   Code   RO         1110    .text               mf_w.l(fflti.o)
    0x0800a326   0x0000000a   Code   RO         1112    .text               mf_w.l(ffltui.o)
    0x0800a330   0x00000032   Code   RO         1114    .text               mf_w.l(ffixi.o)
    0x0800a362   0x00000028   Code   RO         1116    .text               mf_w.l(ffixui.o)
    0x0800a38a   0x0000003e   Code   RO         1118    .text               mf_w.l(dfixi.o)
    0x0800a3c8   0x00000026   Code   RO         1120    .text               mf_w.l(f2d.o)
    0x0800a3ee   0x00000038   Code   RO         1122    .text               mf_w.l(d2f.o)
    0x0800a426   0x00000002   PAD
    0x0800a428   0x00000014   Code   RO         1124    .text               mf_w.l(cfcmple.o)
    0x0800a43c   0x00000014   Code   RO         1126    .text               mf_w.l(cfrcmple.o)
    0x0800a450   0x0000001e   Code   RO         1184    .text               mc_w.l(llshl.o)
    0x0800a46e   0x00000020   Code   RO         1186    .text               mc_w.l(llushr.o)
    0x0800a48e   0x00000024   Code   RO         1188    .text               mc_w.l(llsshr.o)
    0x0800a4b2   0x00000000   Code   RO         1203    .text               mc_w.l(iusefp.o)
    0x0800a4b2   0x0000006c   Code   RO         1204    .text               mf_w.l(fepilogue.o)
    0x0800a51e   0x00000018   Code   RO         1206    .text               mf_w.l(fscalb.o)
    0x0800a536   0x0000003c   Code   RO         1208    .text               mf_w.l(frnd.o)
    0x0800a572   0x000000be   Code   RO         1210    .text               mf_w.l(depilogue.o)
    0x0800a630   0x0000002e   Code   RO         1212    .text               mf_w.l(dscalb.o)
    0x0800a65e   0x000000a2   Code   RO         1214    .text               mf_w.l(dsqrt.o)
    0x0800a700   0x00000022   Code   RO         1216    .text               mf_w.l(dflti.o)
    0x0800a722   0x00000002   PAD
    0x0800a724   0x00000028   Code   RO         1222    .text               mf_w.l(cdrcmple.o)
    0x0800a74c   0x00000024   Code   RO         1224    .text               mc_w.l(init.o)
    0x0800a770   0x0000001a   Code   RO         1226    .text               mf_w.l(dfltui.o)
    0x0800a78a   0x0000005c   Code   RO         1236    .text               mc_w.l(__dczerorl2.o)
    0x0800a7e6   0x00000028   Code   RO         1143    i.__ARM_fpclassify  m_ws.l(fpclassify.o)
    0x0800a80e   0x00000026   Code   RO         1145    i.__ARM_fpclassifyf  m_ws.l(fpclassifyf.o)
    0x0800a834   0x00000388   Code   RO         1152    i.__ieee754_rem_pio2  m_ws.l(rred.o)
    0x0800abbc   0x000000fc   Code   RO         1138    i.__kernel_cos      m_ws.l(cos_i.o)
    0x0800acb8   0x000000aa   Code   RO         1149    i.__kernel_poly     m_ws.l(poly.o)
    0x0800ad62   0x00000002   PAD
    0x0800ad64   0x000000ec   Code   RO         1160    i.__kernel_sin      m_ws.l(sin_i.o)
    0x0800ae50   0x00000010   Code   RO         1141    i.__mathlib_dbl_underflow  m_ws.l(dunder.o)
    0x0800ae60   0x0000000a   Code   RO         1147    i.__mathlib_flt_underflow  m_ws.l(funder.o)
    0x0800ae6a   0x00000002   PAD
    0x0800ae6c   0x00000158   Code   RO         1157    i.__mathlib_rredf2  m_ws.l(rredf.o)
    0x0800afc4   0x0000000e   Code   RO         1230    i.__scatterload_copy  mc_w.l(handlers.o)
    0x0800afd2   0x00000002   Code   RO         1231    i.__scatterload_null  mc_w.l(handlers.o)
    0x0800afd4   0x0000000e   Code   RO         1232    i.__scatterload_zeroinit  mc_w.l(handlers.o)
    0x0800afe2   0x00000002   PAD
    0x0800afe4   0x0000000c   Code   RO         1198    i.__set_errno       mc_w.l(errno.o)
    0x0800aff0   0x0000027c   Code   RO          739    i.asin              m_ws.l(asin.o)
    0x0800b26c   0x00000224   Code   RO         1129    i.atan              m_ws.l(atan.o)
    0x0800b490   0x00000180   Code   RO          749    i.atan2             m_ws.l(atan2.o)
    0x0800b610   0x000000ac   Code   RO          757    i.cos               m_ws.l(cos.o)
    0x0800b6bc   0x00000180   Code   RO          765    i.cosf              m_ws.l(cosf.o)
    0x0800b83c   0x000009e0   Code   RO          773    i.pow               m_ws.l(pow.o)
    0x0800c21c   0x000000b0   Code   RO          783    i.sin               m_ws.l(sin.o)
    0x0800c2cc   0x0000004c   Code   RO          791    i.sqrt              m_ws.l(sqrt.o)
    0x0800c318   0x00000178   Code   RO          799    i.tanf              m_ws.l(tanf.o)
    0x0800c490   0x00000010   Data   RO          723    .constdata          altitude.o
    0x0800c4a0   0x00000050   Data   RO          740    .constdata          m_ws.l(asin.o)
    0x0800c4f0   0x00000088   Data   RO          774    .constdata          m_ws.l(pow.o)
    0x0800c578   0x00000098   Data   RO         1130    .constdata          m_ws.l(atan.o)
    0x0800c610   0x00000030   Data   RO         1139    .constdata          m_ws.l(cos_i.o)
    0x0800c640   0x00000008   Data   RO         1151    .constdata          m_ws.l(qnan.o)
    0x0800c648   0x000000c8   Data   RO         1154    .constdata          m_ws.l(rred.o)
    0x0800c710   0x00000020   Data   RO         1158    .constdata          m_ws.l(rredf.o)
    0x0800c730   0x00000028   Data   RO         1161    .constdata          m_ws.l(sin_i.o)
    0x0800c758   0x00000020   Data   RO         1228    Region$$Table       anon$$obj.o


    Execution Region RW_IRAM1 (Base: 0x20000000, Size: 0x00000d00, Max: 0x00010000, ABSOLUTE, COMPRESSED[0x000000bc])

    Base Addr    Size         Type   Attr      Idx    E Section Name        Object

    0x20000000   0x00000009   Data   RW          150    .data               stm32f10x_it.o
    0x20000009   0x00000003   PAD
    0x2000000c   0x00000068   Data   RW          175    .data               global.o
    0x20000074   0x00000014   Data   RW          196    .data               system_stm32f10x.o
    0x20000088   0x00000014   Data   RW          327    .data               stm32f10x_rcc.o
    0x2000009c   0x00000004   Data   RW          404    .data               delay.o
    0x200000a0   0x00000008   Data   RW          418    .data               eeprom.o
    0x200000a8   0x00000064   Data   RW          434    .data               flash.o
    0x2000010c   0x00000007   Data   RW          455    .data               hmc5883l.o
    0x20000113   0x00000001   PAD
    0x20000114   0x0000002a   Data   RW          508    .data               mpu6050.o
    0x2000013e   0x00000002   Data   RW          524    .data               ms5611.o
    0x20000140   0x0000000b   Data   RW          540    .data               nrf24l01.o
    0x2000014b   0x00000001   PAD
    0x2000014c   0x00000060   Data   RW          582    .data               tim_pwm_in.o
    0x200001ac   0x0000001c   Data   RW          629    .data               filter.o
    0x200001c8   0x000000cc   Data   RW          693    .data               imu.o
    0x20000294   0x00000008   Data   RW          709    .data               pid.o
    0x2000029c   0x000000ac   Data   RW          724    .data               altitude.o
    0x20000348   0x00000004   Data   RW         1199    .data               mc_w.l(errno.o)
    0x2000034c   0x000000c8   Zero   RW          149    .bss                stm32f10x_it.o
    0x20000414   0x00000200   Zero   RW          174    .bss                global.o
    0x20000614   0x0000000e   Zero   RW          507    .bss                mpu6050.o
    0x20000622   0x0000000e   Zero   RW          523    .bss                ms5611.o
    0x20000630   0x00000040   Zero   RW          539    .bss                nrf24l01.o
    0x20000670   0x00000090   Zero   RW          628    .bss                filter.o
    0x20000700   0x00000098   Zero   RW          692    .bss                imu.o
    0x20000798   0x00000144   Zero   RW          708    .bss                pid.o
    0x200008dc   0x00000020   Zero   RW          722    .bss                altitude.o
    0x200008fc   0x00000004   PAD
    0x20000900   0x00000400   Zero   RW          187    STACK               startup_stm32f10x_hd.o


==============================================================================

Image component sizes


      Code (inc. data)   RO Data    RW Data    ZI Data      Debug   Object Name

      4140        382         16        172         32       4544   altitude.o
      5452        102          0          0          0       6460   data_transfer.o
       208         18          0          4          0        919   delay.o
      1228         32          0          8          0       4922   eeprom.o
      1052         62          0         28        144       7376   filter.o
      2800         84          0        100          0       4535   flash.o
         0          0          0        104        512       2103   global.o
       876         54          0          7          0       2142   hmc5883l.o
      5992        270          0        204        152       6109   imu.o
       184          4          0          0          0        863   key.o
       392         34          0          0          0       1688   led.o
       188         16          0          0          0     268931   main.o
       220         20          0          0          0       1777   misc.o
       376         14          0          0          0       1289   moto.o
      1796         78          0         42         14       4494   mpu6050.o
      1060         52          0          2         14       3313   ms5611.o
       664         20          0         11         64       3290   nrf24l01.o
       960         70          0          8        324       2439   pid.o
       632         14          0          0          0       1713   spi.o
        36          8        304          0       1024        844   startup_stm32f10x_hd.o
      1468         34          0          0          0       8010   stm32f10x_flash.o
       856         40          0          0          0       5629   stm32f10x_gpio.o
       640        118          0          9        200       2934   stm32f10x_it.o
       932         44          0         20          0       8772   stm32f10x_rcc.o
       780         14          0          0          0       6506   stm32f10x_spi.o
      3610         88          0          0          0      22112   stm32f10x_tim.o
      1032         22          0          0          0       8348   stm32f10x_usart.o
        12          0          0          0          0        405   sys.o
       476         36          0         20          0       1859   system_stm32f10x.o
      1876        170          0         96          0       3744   tim_pwm_in.o
        96          6          0          0          0        582   timer.o
       192          8          0          0          0       2455   usart.o

    ----------------------------------------------------------------------
     40228       1914        352        840       2484     401107   Object Totals
         0          0         32          0          0          0   (incl. Generated)
         2          0          0          5          4          0   (incl. Padding)

    ----------------------------------------------------------------------

      Code (inc. data)   RO Data    RW Data    ZI Data      Debug   Library Member Name

       636         52         80          0          0        168   asin.o
       548         70        152          0          0        124   atan.o
       384         38          0          0          0        144   atan2.o
       172          8          0          0          0        112   cos.o
       252         22         48          0          0        124   cos_i.o
       384         52          0          0          0        112   cosf.o
        16          6          0          0          0         68   dunder.o
        40          0          0          0          0         68   fpclassify.o
        38          0          0          0          0         68   fpclassifyf.o
        10          0          0          0          0         68   funder.o
       170          0          0          0          0         96   poly.o
      2528        190        136          0          0        332   pow.o
         0          0          8          0          0          0   qnan.o
       904         72        200          0          0        140   rred.o
       344         18         32          0          0         88   rredf.o
       176         10          0          0          0        116   sin.o
       236         12         40          0          0        128   sin_i.o
        76          0          0          0          0         84   sqrt.o
       376         56          0          0          0        124   tanf.o
        92          0          0          0          0          0   __dczerorl2.o
         0          0          0          0          0          0   entry.o
         0          0          0          0          0          0   entry10a.o
         0          0          0          0          0          0   entry11a.o
         8          4          0          0          0          0   entry2.o
         4          0          0          0          0          0   entry5.o
         0          0          0          0          0          0   entry7b.o
         0          0          0          0          0          0   entry8b.o
         8          4          0          0          0          0   entry9a.o
        12          6          0          4          0         68   errno.o
        30          0          0          0          0          0   handlers.o
        36          8          0          0          0         68   init.o
         0          0          0          0          0          0   iusefp.o
        30          0          0          0          0         68   llshl.o
        36          0          0          0          0         68   llsshr.o
        32          0          0          0          0         68   llushr.o
        40          2          0          0          0         68   cdrcmple.o
        20          0          0          0          0         68   cfcmple.o
        20          0          0          0          0         68   cfrcmple.o
        56          0          0          0          0         88   d2f.o
       334          0          0          0          0        148   dadd.o
       222          0          0          0          0        100   ddiv.o
       190          0          0          0          0        176   depilogue.o
        62          0          0          0          0         80   dfixi.o
        34          0          0          0          0         76   dflti.o
        26          0          0          0          0         76   dfltui.o
       228          0          0          0          0         96   dmul.o
        46          0          0          0          0         80   dscalb.o
       162          0          0          0          0        100   dsqrt.o
        38          0          0          0          0         68   f2d.o
       176          0          0          0          0        140   fadd.o
       128          0          0          0          0         88   fdiv.o
       108          0          0          0          0        168   fepilogue.o
        50          0          0          0          0         68   ffixi.o
        40          0          0          0          0         68   ffixui.o
        18          0          0          0          0         68   fflti.o
        10          0          0          0          0         68   ffltui.o
       108          0          0          0          0         76   fmul.o
        60          0          0          0          0         76   frnd.o
        24          0          0          0          0         68   fscalb.o

    ----------------------------------------------------------------------
      9788        630        696          4          0       4684   Library Totals
        10          0          0          0          0          0   (incl. Padding)

    ----------------------------------------------------------------------

      Code (inc. data)   RO Data    RW Data    ZI Data      Debug   Library Name

      7290        606        696          0          0       2164   m_ws.l
       288         22          0          4          0        340   mc_w.l
      2200          2          0          0          0       2180   mf_w.l

    ----------------------------------------------------------------------
      9788        630        696          4          0       4684   Library Totals

    ----------------------------------------------------------------------

==============================================================================


      Code (inc. data)   RO Data    RW Data    ZI Data      Debug   

     50016       2544       1048        844       2484     401007   Grand Totals
     50016       2544       1048        188       2484     401007   ELF Image Totals (compressed)
     50016       2544       1048        188          0          0   ROM Totals

==============================================================================

    Total RO  Size (Code + RO Data)                51064 (  49.87kB)
    Total RW  Size (RW Data + ZI Data)              3328 (   3.25kB)
    Total ROM Size (Code + RO Data + RW Data)      51252 (  50.05kB)

==============================================================================

